Component: ARM Compiler 5.06 update 6 (build 750) Tool: armlink [4d35ed]

==============================================================================

Section Cross References

    stm32f10x_gpio.o(.text) refers to stm32f10x_rcc.o(.text) for RCC_APB2PeriphResetCmd
    stm32f10x_i2c.o(.text) refers to stm32f10x_rcc.o(.text) for RCC_APB1PeriphResetCmd
    stm32f10x_rcc.o(.text) refers to stm32f10x_rcc.o(.data) for APBAHBPrescTable
    stm32f10x_tim.o(.text) refers to stm32f10x_rcc.o(.text) for RCC_APB2PeriphResetCmd
    stm32f10x_usart.o(.text) refers to stm32f10x_rcc.o(.text) for RCC_APB2PeriphResetCmd
    stm32f10x_adc.o(.text) refers to stm32f10x_rcc.o(.text) for RCC_APB2PeriphResetCmd
    stm32f10x_bkp.o(.text) refers to stm32f10x_rcc.o(.text) for RCC_BackupResetCmd
    stm32f10x_can.o(.text) refers to stm32f10x_rcc.o(.text) for RCC_APB1PeriphResetCmd
    stm32f10x_cec.o(.text) refers to stm32f10x_rcc.o(.text) for RCC_APB1PeriphResetCmd
    stm32f10x_dac.o(.text) refers to stm32f10x_rcc.o(.text) for RCC_APB1PeriphResetCmd
    stm32f10x_pwr.o(.text) refers to stm32f10x_rcc.o(.text) for RCC_APB1PeriphResetCmd
    stm32f10x_spi.o(.text) refers to stm32f10x_rcc.o(.text) for RCC_APB2PeriphResetCmd
    stm32f10x_wwdg.o(.text) refers to stm32f10x_rcc.o(.text) for RCC_APB1PeriphResetCmd
    system_stm32f10x.o(.text) refers to system_stm32f10x.o(.data) for SystemCoreClock
    i2c.o(.text) refers to stm32f10x_rcc.o(.text) for RCC_APB2PeriphClockCmd
    i2c.o(.text) refers to stm32f10x_gpio.o(.text) for GPIO_Init
    i2c_mpu6050.o(.text) refers to stm32f10x_rcc.o(.text) for RCC_APB2PeriphClockCmd
    i2c_mpu6050.o(.text) refers to stm32f10x_gpio.o(.text) for GPIO_PinRemapConfig
    i2c_mpu6050.o(.text) refers to stm32f10x_i2c.o(.text) for I2C_Init
    i2c_mpu6050.o(.text) refers to delay.o(.text) for delay_ms
    led.o(.text) refers to stm32f10x_rcc.o(.text) for RCC_APB2PeriphClockCmd
    led.o(.text) refers to stm32f10x_gpio.o(.text) for GPIO_PinRemapConfig
    main.o(.text) refers to system_stm32f10x.o(.text) for SystemInit
    main.o(.text) refers to timer.o(.text) for Timerx_Init
    main.o(.text) refers to ultrasonicwave.o(.text) for UltrasonicWave_Configuration
    main.o(.text) refers to usart.o(.text) for USART1_Config
    main.o(.text) refers to motor.o(.text) for TIM2_PWM_Init
    main.o(.text) refers to led.o(.text) for LED_GPIO_Config
    main.o(.text) refers to i2c.o(.text) for i2cInit
    main.o(.text) refers to upstandingcar.o(.text) for delay_nms
    main.o(.text) refers to mpu6050.o(.text) for MPU6050_Init
    main.o(.text) refers to systick.o(.text) for SysTick_Init
    main.o(.text) refers to upstandingcar.o(.data) for newLineReceived
    motor.o(.text) refers to stm32f10x_rcc.o(.text) for RCC_APB2PeriphClockCmd
    motor.o(.text) refers to stm32f10x_gpio.o(.text) for GPIO_Init
    motor.o(.text) refers to stm32f10x_tim.o(.text) for TIM_TimeBaseInit
    motor.o(.text) refers to misc.o(.text) for NVIC_PriorityGroupConfig
    mpu6050.o(.text) refers to inv_mpu.o(.text) for mpu_init
    mpu6050.o(.text) refers to usart.o(.text) for PrintChar
    mpu6050.o(.text) refers to inv_mpu_dmp_motion_driver.o(.text) for dmp_load_motion_driver_firmware
    mpu6050.o(.text) refers to fflti.o(.text) for __aeabi_i2f
    mpu6050.o(.text) refers to fdiv.o(.text) for __aeabi_fdiv
    mpu6050.o(.text) refers to fmul.o(.text) for __aeabi_fmul
    mpu6050.o(.text) refers to fadd.o(.text) for __aeabi_fadd
    mpu6050.o(.text) refers to f2d.o(.text) for __aeabi_f2d
    mpu6050.o(.text) refers to asin.o(i.asin) for asin
    mpu6050.o(.text) refers to dmul.o(.text) for __aeabi_dmul
    mpu6050.o(.text) refers to d2f.o(.text) for __aeabi_d2f
    mpu6050.o(.text) refers to mpu6050.o(.data) for gyro_orientation
    mpu6050.o(.text) refers to mpu6050.o(.bss) for quat
    mpu6050.o(.text) refers to atan2.o(i.atan2) for atan2
    outputdata.o(.text) refers to ffixi.o(.text) for __aeabi_f2iz
    outputdata.o(.text) refers to usart.o(.text) for USART1_Send_Byte
    outputdata.o(.text) refers to outputdata.o(.bss) for OutData
    stm32f10x_it.o(.text) refers to upstandingcar.o(.text) for GetMotorPulse
    stm32f10x_it.o(.text) refers to ultrasonicwave.o(.text) for UltrasonicWave_StartMeasure
    stm32f10x_it.o(.text) refers to upstandingcar.o(.data) for BST_u8MainEventCount
    systick.o(.text) refers to system_stm32f10x.o(.data) for SystemCoreClock
    systick.o(.text) refers to systick.o(.data) for TimingDelay
    upstandingcar.o(.text) refers to f2d.o(.text) for __aeabi_f2d
    upstandingcar.o(.text) refers to cdcmple.o(.text) for __aeabi_cdcmpeq
    upstandingcar.o(.text) refers to d2f.o(.text) for __aeabi_d2f
    upstandingcar.o(.text) refers to dflti.o(.text) for __aeabi_i2d
    upstandingcar.o(.text) refers to dmul.o(.text) for __aeabi_dmul
    upstandingcar.o(.text) refers to fflti.o(.text) for __aeabi_i2f
[...]
    .text                                    0x08007362   Section        0  fmul.o(.text)
    .text                                    0x080073c6   Section        0  fdiv.o(.text)
    .text                                    0x08007442   Section        0  dadd.o(.text)
    .text                                    0x08007590   Section        0  dmul.o(.text)
    .text                                    0x08007674   Section        0  ddiv.o(.text)
    .text                                    0x08007752   Section        0  fflti.o(.text)
    .text                                    0x08007764   Section        0  ffltui.o(.text)
    .text                                    0x0800776e   Section        0  dflti.o(.text)
    .text                                    0x08007790   Section        0  ffixi.o(.text)
    .text                                    0x080077c2   Section        0  ffixui.o(.text)
    .text                                    0x080077ea   Section        0  f2d.o(.text)
    .text                                    0x08007810   Section       48  cdcmple.o(.text)
    .text                                    0x08007840   Section        0  d2f.o(.text)
    .text                                    0x08007878   Section       20  cfcmple.o(.text)
    .text                                    0x0800788c   Section       20  cfrcmple.o(.text)
    .text                                    0x080078a0   Section        0  uidiv.o(.text)
    .text                                    0x080078cc   Section        0  uldiv.o(.text)
    .text                                    0x0800792e   Section        0  llshl.o(.text)
    .text                                    0x0800794c   Section        0  llsshr.o(.text)
    .text                                    0x08007970   Section        0  strtod.o(.text)
    _local_sscanf                            0x08007971   Thumb Code    54  strtod.o(.text)
    .text                                    0x08007a0c   Section        0  iusefp.o(.text)
    .text                                    0x08007a0c   Section        0  fepilogue.o(.text)
    .text                                    0x08007a7a   Section        0  depilogue.o(.text)
    .text                                    0x08007b34   Section        0  dscalb.o(.text)
    .text                                    0x08007b62   Section        0  dfixul.o(.text)
    .text                                    0x08007b94   Section       48  cdrcmple.o(.text)
    .text                                    0x08007bc4   Section       36  init.o(.text)
    .text                                    0x08007be8   Section        0  llushr.o(.text)
    .text                                    0x08007c08   Section        0  isspace_c.o(.text)
    .text                                    0x08007c14   Section        0  scanf_fp.o(.text)
    _fp_value                                0x08007c15   Thumb Code   296  scanf_fp.o(.text)
    .text                                    0x08007f74   Section        0  _sgetc.o(.text)
    .text                                    0x08007fb4   Section        0  dsqrt.o(.text)
    .text                                    0x08008058   Section        0  ctype_c.o(.text)
    .text                                    0x08008080   Section        0  dfltul.o(.text)
    .text                                    0x08008098   Section        0  __dczerorl2.o(.text)
    i.__0sprintf                             0x080080f0   Section        0  printfa.o(i.__0sprintf)
    i.__ARM_fpclassify                       0x08008118   Section        0  fpclassify.o(i.__ARM_fpclassify)
    i.__kernel_poly                          0x08008140   Section        0  poly.o(i.__kernel_poly)
    i.__mathlib_dbl_infnan                   0x080081ea   Section        0  dunder.o(i.__mathlib_dbl_infnan)
    i.__mathlib_dbl_infnan2                  0x080081f0   Section        0  dunder.o(i.__mathlib_dbl_infnan2)
    i.__mathlib_dbl_invalid                  0x080081f4   Section        0  dunder.o(i.__mathlib_dbl_invalid)
    i.__mathlib_dbl_underflow                0x08008200   Section        0  dunder.o(i.__mathlib_dbl_underflow)
    i.__read_errno                           0x08008210   Section        0  errno.o(i.__read_errno)
    i.__scatterload_copy                     0x0800821c   Section       14  handlers.o(i.__scatterload_copy)
    i.__scatterload_null                     0x0800822a   Section        2  handlers.o(i.__scatterload_null)
    i.__scatterload_zeroinit                 0x0800822c   Section       14  handlers.o(i.__scatterload_zeroinit)
    i.__set_errno                            0x0800823c   Section        0  errno.o(i.__set_errno)
    i._fp_digits                             0x08008248   Section        0  printfa.o(i._fp_digits)
    _fp_digits                               0x08008249   Thumb Code   366  printfa.o(i._fp_digits)
    i._is_digit                              0x080083cc   Section        0  scanf_fp.o(i._is_digit)
    i._printf_core                           0x080083dc   Section        0  printfa.o(i._printf_core)
    _printf_core                             0x080083dd   Thumb Code  1744  printfa.o(i._printf_core)
    i._printf_post_padding                   0x08008ab8   Section        0  printfa.o(i._printf_post_padding)
    _printf_post_padding                     0x08008ab9   Thumb Code    36  printfa.o(i._printf_post_padding)
    i._printf_pre_padding                    0x08008adc   Section        0  printfa.o(i._printf_pre_padding)
    _printf_pre_padding                      0x08008add   Thumb Code    46  printfa.o(i._printf_pre_padding)
    i._sputc                                 0x08008b0a   Section        0  printfa.o(i._sputc)
    _sputc                                   0x08008b0b   Thumb Code    10  printfa.o(i._sputc)
    i.asin                                   0x08008b14   Section        0  asin.o(i.asin)
    i.atan                                   0x08008d84   Section        0  atan.o(i.atan)
    i.atan2                                  0x08008fa4   Section        0  atan2.o(i.atan2)
    i.atof                                   0x08009124   Section        0  atof.o(i.atof)
    i.sqrt                                   0x0800914e   Section        0  sqrt.o(i.sqrt)
    .constdata                               0x080091a0   Section       32  upstandingcar.o(.constdata)
    .constdata                               0x080091c0   Section       80  inv_mpu.o(.constdata)
    .constdata                               0x08009210   Section     3062  inv_mpu_dmp_motion_driver.o(.constdata)
    dmp_memory                               0x08009210   Data        3062  inv_mpu_dmp_motion_driver.o(.constdata)
    .constdata                               0x08009e08   Section       80  asin.o(.constdata)
    pS                                       0x08009e08   Data          48  asin.o(.constdata)
    qS                                       0x08009e38   Data          32  asin.o(.constdata)
    .constdata                               0x08009e58   Section      152  atan.o(.constdata)
    atanhi                                   0x08009e58   Data          32  atan.o(.constdata)
    atanlo                                   0x08009e78   Data          32  atan.o(.constdata)
    aTodd                                    0x08009e98   Data          40  atan.o(.constdata)
    aTeven                                   0x08009ec0   Data          48  atan.o(.constdata)
    .constdata                               0x08009ef0   Section        8  qnan.o(.constdata)
    .constdata                               0x08009ef8   Section       64  ctype_c.o(.constdata)
    .conststring                             0x08009f38   Section       78  inv_mpu.o(.conststring)
    .data                                    0x20000000   Section       20  stm32f10x_rcc.o(.data)
    APBAHBPrescTable                         0x20000000   Data          16  stm32f10x_rcc.o(.data)
    ADCPrescTable                            0x20000010   Data           4  stm32f10x_rcc.o(.data)
    .data                                    0x20000014   Section       20  system_stm32f10x.o(.data)
    .data                                    0x20000028   Section       59  mpu6050.o(.data)
    gyro_orientation                         0x20000028   Data           9  mpu6050.o(.data)
    .data                                    0x20000064   Section        4  systick.o(.data)
    TimingDelay                              0x20000064   Data           4  systick.o(.data)
    .data                                    0x20000068   Section      376  upstandingcar.o(.data)
    .data                                    0x200001e0   Section        4  ultrasonicwave.o(.data)
    .data                                    0x200001e4   Section       44  inv_mpu.o(.data)
    st                                       0x200001e4   Data          44  inv_mpu.o(.data)
    .data                                    0x20000210   Section        4  errno.o(.data)
    _errno                                   0x20000210   Data           4  errno.o(.data)
    .bss                                     0x20000214   Section       16  mpu6050.o(.bss)
    .bss                                     0x20000224   Section      516  upstandingcar.o(.bss)
    .bss                                     0x20000428   Section       16  inv_mpu_dmp_motion_driver.o(.bss)
    dmp                                      0x20000428   Data          16  inv_mpu_dmp_motion_driver.o(.bss)
    STACK                                    0x20000438   Section     1024  startup_stm32f10x_md.o(STACK)

    Global Symbols

    Symbol Name                              Value     Ov Type        Size  Object(Section)

    BuildAttributes$$THM_ISAv4$P$D$K$B$S$PE$A:L22UL41UL21$X:L11$S22US41US21$IEEE1$IW$USESV6$~STKCKD$USESV7$~SHL$OTIME$ROPI$IEEEX$EBA8$MICROLIB$REQ8$PRES8$EABIv2 0x00000000   Number         0  anon$$obj.o ABSOLUTE
    __ARM_use_no_argv                        0x00000000   Number         0  main.o ABSOLUTE
    _printf_a                                0x00000000   Number         0  stubs.o ABSOLUTE
    _printf_c                                0x00000000   Number         0  stubs.o ABSOLUTE
    _printf_charcount                        0x00000000   Number         0  stubs.o ABSOLUTE
    _printf_d                                0x00000000   Number         0  stubs.o ABSOLUTE
    _printf_e                                0x00000000   Number         0  stubs.o ABSOLUTE
    _printf_f                                0x00000000   Number         0  stubs.o ABSOLUTE
    _printf_flags                            0x00000000   Number         0  stubs.o ABSOLUTE
    _printf_fp_dec                           0x00000000   Number         0  stubs.o ABSOLUTE
    _printf_fp_hex                           0x00000000   Number         0  stubs.o ABSOLUTE
    _printf_g                                0x00000000   Number         0  stubs.o ABSOLUTE
    _printf_i                                0x00000000   Number         0  stubs.o ABSOLUTE
    _printf_int_dec                          0x00000000   Number         0  stubs.o ABSOLUTE
    _printf_l                                0x00000000   Number         0  stubs.o ABSOLUTE
    _printf_lc                               0x00000000   Number         0  stubs.o ABSOLUTE
    _printf_ll                               0x00000000   Number         0  stubs.o ABSOLUTE
    _printf_lld                              0x00000000   Number         0  stubs.o ABSOLUTE
    _printf_lli                              0x00000000   Number         0  stubs.o ABSOLUTE
    _printf_llo                              0x00000000   Number         0  stubs.o ABSOLUTE
    _printf_llu                              0x00000000   Number         0  stubs.o ABSOLUTE
    _printf_llx                              0x00000000   Number         0  stubs.o ABSOLUTE
    _printf_longlong_dec                     0x00000000   Number         0  stubs.o ABSOLUTE
    _printf_longlong_hex                     0x00000000   Number         0  stubs.o ABSOLUTE
    _printf_longlong_oct                     0x00000000   Number         0  stubs.o ABSOLUTE
    _printf_ls                               0x00000000   Number         0  stubs.o ABSOLUTE
    _printf_mbtowc                           0x00000000   Number         0  stubs.o ABSOLUTE
    _printf_n                                0x00000000   Number         0  stubs.o ABSOLUTE
    _printf_o                                0x00000000   Number         0  stubs.o ABSOLUTE
    _printf_p                                0x00000000   Number         0  stubs.o ABSOLUTE
    _printf_percent                          0x00000000   Number         0  stubs.o ABSOLUTE
    _printf_pre_padding                      0x00000000   Number         0  stubs.o ABSOLUTE
    _printf_return_value                     0x00000000   Number         0  stubs.o ABSOLUTE
    _printf_s                                0x00000000   Number         0  stubs.o ABSOLUTE
    _printf_sizespec                         0x00000000   Number         0  stubs.o ABSOLUTE
    _printf_str                              0x00000000   Number         0  stubs.o ABSOLUTE
    _printf_truncate_signed                  0x00000000   Number         0  stubs.o ABSOLUTE
    _printf_truncate_unsigned                0x00000000   Number         0  stubs.o ABSOLUTE
    _printf_u                                0x00000000   Number         0  stubs.o ABSOLUTE
    _printf_wc                               0x00000000   Number         0  stubs.o ABSOLUTE
    _printf_wctomb                           0x00000000   Number         0  stubs.o ABSOLUTE
    _printf_widthprec                        0x00000000   Number         0  stubs.o ABSOLUTE
    _printf_x                                0x00000000   Number         0  stubs.o ABSOLUTE
    __cpp_initialize__aeabi_                  - Undefined Weak Reference
    __cxa_finalize                            - Undefined Weak Reference
    _clock_init                               - Undefined Weak Reference
    _microlib_exit                            - Undefined Weak Reference
    __Vectors_Size                           0x000000ec   Number         0  startup_stm32f10x_md.o ABSOLUTE
    __Vectors                                0x08000000   Data           4  startup_stm32f10x_md.o(RESET)
    __Vectors_End                            0x080000ec   Data           0  startup_stm32f10x_md.o(RESET)
    __main                                   0x080000ed   Thumb Code     0  entry.o(.ARM.Collect$$$$00000000)
    _main_stk                                0x080000ed   Thumb Code     0  entry2.o(.ARM.Collect$$$$00000001)
    _main_scatterload                        0x080000f1   Thumb Code     0  entry5.o(.ARM.Collect$$$$00000004)
    __main_after_scatterload                 0x080000f5   Thumb Code     0  entry5.o(.ARM.Collect$$$$00000004)
    _main_clock                              0x080000f5   Thumb Code     0  entry7b.o(.ARM.Collect$$$$00000008)
    _main_cpp_init                           0x080000f5   Thumb Code     0  entry8b.o(.ARM.Collect$$$$0000000A)
    _main_init                               0x080000f5   Thumb Code     0  entry9a.o(.ARM.Collect$$$$0000000B)
    __rt_final_cpp                           0x080000fd   Thumb Code     0  entry10a.o(.ARM.Collect$$$$0000000D)
    __rt_final_exit                          0x080000fd   Thumb Code     0  entry11a.o(.ARM.Collect$$$$0000000F)
    NVIC_PriorityGroupConfig                 0x08000101   Thumb Code    10  misc.o(.text)
    NVIC_Init                                0x0800010b   Thumb Code   100  misc.o(.text)
    NVIC_SetVectorTable                      0x0800016f   Thumb Code    14  misc.o(.text)
    NVIC_SystemLPConfig                      0x0800017d   Thumb Code    34  misc.o(.text)
    SysTick_CLKSourceConfig                  0x0800019f   Thumb Code    40  misc.o(.text)
    EXTI_DeInit                              0x080001dd   Thumb Code    28  stm32f10x_exti.o(.text)
    EXTI_Init                                0x080001f9   Thumb Code   142  stm32f10x_exti.o(.text)
    EXTI_StructInit                          0x08000287   Thumb Code    16  stm32f10x_exti.o(.text)
    EXTI_GenerateSWInterrupt                 0x08000297   Thumb Code    16  stm32f10x_exti.o(.text)
    EXTI_GetFlagStatus                       0x080002a7   Thumb Code    22  stm32f10x_exti.o(.text)
    EXTI_ClearFlag                           0x080002bd   Thumb Code     8  stm32f10x_exti.o(.text)
    EXTI_GetITStatus                         0x080002c5   Thumb Code    34  stm32f10x_exti.o(.text)
    EXTI_ClearITPendingBit                   0x080002e7   Thumb Code     8  stm32f10x_exti.o(.text)
    GPIO_DeInit                              0x080002f9   Thumb Code   172  stm32f10x_gpio.o(.text)
    GPIO_AFIODeInit                          0x080003a5   Thumb Code    20  stm32f10x_gpio.o(.text)
    GPIO_Init                                0x080003b9   Thumb Code   278  stm32f10x_gpio.o(.text)
    GPIO_StructInit                          0x080004cf   Thumb Code    16  stm32f10x_gpio.o(.text)
    GPIO_ReadInputDataBit                    0x080004df   Thumb Code    18  stm32f10x_gpio.o(.text)
    GPIO_ReadInputData                       0x080004f1   Thumb Code     8  stm32f10x_gpio.o(.text)
    GPIO_ReadOutputDataBit                   0x080004f9   Thumb Code    18  stm32f10x_gpio.o(.text)
    GPIO_ReadOutputData                      0x0800050b   Thumb Code     8  stm32f10x_gpio.o(.text)
    GPIO_SetBits                             0x08000513   Thumb Code     4  stm32f10x_gpio.o(.text)
    GPIO_ResetBits                           0x08000517   Thumb Code     4  stm32f10x_gpio.o(.text)
    GPIO_WriteBit                            0x0800051b   Thumb Code    10  stm32f10x_gpio.o(.text)
    GPIO_Write                               0x08000525   Thumb Code     4  stm32f10x_gpio.o(.text)
    GPIO_PinLockConfig                       0x08000529   Thumb Code    18  stm32f10x_gpio.o(.text)
    GPIO_EventOutputConfig                   0x0800053b   Thumb Code    26  stm32f10x_gpio.o(.text)
    GPIO_EventOutputCmd                      0x08000555   Thumb Code     6  stm32f10x_gpio.o(.text)
    GPIO_PinRemapConfig                      0x0800055b   Thumb Code   138  stm32f10x_gpio.o(.text)
    GPIO_EXTILineConfig                      0x080005e5   Thumb Code    66  stm32f10x_gpio.o(.text)
    GPIO_ETH_MediaInterfaceConfig            0x08000627   Thumb Code     8  stm32f10x_gpio.o(.text)
    RCC_DeInit                               0x08000655   Thumb Code    64  stm32f10x_rcc.o(.text)
    RCC_HSEConfig                            0x08000695   Thumb Code    70  stm32f10x_rcc.o(.text)
    RCC_GetFlagStatus                        0x080006db   Thumb Code    56  stm32f10x_rcc.o(.text)
    RCC_WaitForHSEStartUp                    0x08000713   Thumb Code    56  stm32f10x_rcc.o(.text)
    RCC_AdjustHSICalibrationValue            0x0800074b   Thumb Code    20  stm32f10x_rcc.o(.text)
    RCC_HSICmd                               0x0800075f   Thumb Code     6  stm32f10x_rcc.o(.text)
    RCC_PLLConfig                            0x08000765   Thumb Code    24  stm32f10x_rcc.o(.text)
    RCC_PLLCmd                               0x0800077d   Thumb Code     6  stm32f10x_rcc.o(.text)
    RCC_SYSCLKConfig                         0x08000783   Thumb Code    18  stm32f10x_rcc.o(.text)
    RCC_GetSYSCLKSource                      0x08000795   Thumb Code    10  stm32f10x_rcc.o(.text)
    RCC_HCLKConfig                           0x0800079f   Thumb Code    18  stm32f10x_rcc.o(.text)
    RCC_PCLK1Config                          0x080007b1   Thumb Code    18  stm32f10x_rcc.o(.text)
    RCC_PCLK2Config                          0x080007c3   Thumb Code    20  stm32f10x_rcc.o(.text)
    RCC_ITConfig                             0x080007d7   Thumb Code    26  stm32f10x_rcc.o(.text)
    RCC_USBCLKConfig                         0x080007f1   Thumb Code     8  stm32f10x_rcc.o(.text)
    RCC_ADCCLKConfig                         0x080007f9   Thumb Code    18  stm32f10x_rcc.o(.text)
    RCC_LSEConfig                            0x0800080b   Thumb Code    50  stm32f10x_rcc.o(.text)
    RCC_LSICmd                               0x0800083d   Thumb Code     6  stm32f10x_rcc.o(.text)
    RCC_RTCCLKConfig                         0x08000843   Thumb Code    12  stm32f10x_rcc.o(.text)
    RCC_RTCCLKCmd                            0x0800084f   Thumb Code     8  stm32f10x_rcc.o(.text)
    RCC_GetClocksFreq                        0x08000857   Thumb Code   192  stm32f10x_rcc.o(.text)
    RCC_AHBPeriphClockCmd                    0x08000917   Thumb Code    26  stm32f10x_rcc.o(.text)
    RCC_APB2PeriphClockCmd                   0x08000931   Thumb Code    26  stm32f10x_rcc.o(.text)
    RCC_APB1PeriphClockCmd                   0x0800094b   Thumb Code    26  stm32f10x_rcc.o(.text)
    RCC_APB2PeriphResetCmd                   0x08000965   Thumb Code    26  stm32f10x_rcc.o(.text)
    RCC_APB1PeriphResetCmd                   0x0800097f   Thumb Code    26  stm32f10x_rcc.o(.text)
    RCC_BackupResetCmd                       0x08000999   Thumb Code     8  stm32f10x_rcc.o(.text)
    RCC_ClockSecuritySystemCmd               0x080009a1   Thumb Code     6  stm32f10x_rcc.o(.text)
    RCC_MCOConfig                            0x080009a7   Thumb Code     6  stm32f10x_rcc.o(.text)
    RCC_ClearFlag                            0x080009ad   Thumb Code    14  stm32f10x_rcc.o(.text)
    RCC_GetITStatus                          0x080009bb   Thumb Code    20  stm32f10x_rcc.o(.text)
    RCC_ClearITPendingBit                    0x080009cf   Thumb Code     6  stm32f10x_rcc.o(.text)
    TIM_DeInit                               0x080009f9   Thumb Code   424  stm32f10x_tim.o(.text)
    TIM_TimeBaseInit                         0x08000ba1   Thumb Code   122  stm32f10x_tim.o(.text)
    TIM_OC1Init                              0x08000c1b   Thumb Code   132  stm32f10x_tim.o(.text)
    TIM_OC2Init                              0x08000c9f   Thumb Code   154  stm32f10x_tim.o(.text)
    TIM_OC3Init                              0x08000d39   Thumb Code   150  stm32f10x_tim.o(.text)
    TIM_OC4Init                              0x08000dcf   Thumb Code   182  stm32f10x_tim.o(.text)
    TIM_SetIC4Prescaler                      0x08000e85   Thumb Code    26  stm32f10x_tim.o(.text)
    TIM_SetIC3Prescaler                      0x08000f21   Thumb Code    18  stm32f10x_tim.o(.text)
    TIM_SetIC2Prescaler                      0x08000fad   Thumb Code    26  stm32f10x_tim.o(.text)
    TIM_SetIC1Prescaler                      0x08001049   Thumb Code    18  stm32f10x_tim.o(.text)
    TIM_ICInit                               0x080010c7   Thumb Code   150  stm32f10x_tim.o(.text)
    TIM_PWMIConfig                           0x0800115d   Thumb Code   124  stm32f10x_tim.o(.text)
    TIM_BDTRConfig                           0x080011d9   Thumb Code    32  stm32f10x_tim.o(.text)
    TIM_TimeBaseStructInit                   0x080011f9   Thumb Code    18  stm32f10x_tim.o(.text)
    TIM_OCStructInit                         0x0800120b   Thumb Code    20  stm32f10x_tim.o(.text)
    TIM_ICStructInit                         0x0800121f   Thumb Code    18  stm32f10x_tim.o(.text)
    TIM_BDTRStructInit                       0x08001231   Thumb Code    40  stm32f10x_tim.o(.text)
    TIM_Cmd                                  0x08001259   Thumb Code    24  stm32f10x_tim.o(.text)
    TIM_CtrlPWMOutputs                       0x08001271   Thumb Code    30  stm32f10x_tim.o(.text)
    TIM_ITConfig                             0x0800128f   Thumb Code    18  stm32f10x_tim.o(.text)
    TIM_GenerateEvent                        0x080012a1   Thumb Code     4  stm32f10x_tim.o(.text)
    TIM_DMAConfig                            0x080012a5   Thumb Code    10  stm32f10x_tim.o(.text)
    TIM_DMACmd                               0x080012af   Thumb Code    18  stm32f10x_tim.o(.text)
    TIM_InternalClockConfig                  0x080012c1   Thumb Code    12  stm32f10x_tim.o(.text)
    TIM_SelectInputTrigger                   0x080012cd   Thumb Code    18  stm32f10x_tim.o(.text)
    TIM_ITRxExternalClockConfig              0x080012df   Thumb Code    24  stm32f10x_tim.o(.text)
    TIM_TIxExternalClockConfig               0x080012f7   Thumb Code    62  stm32f10x_tim.o(.text)
    TIM_ETRConfig                            0x08001335   Thumb Code    28  stm32f10x_tim.o(.text)
    TIM_ETRClockMode1Config                  0x08001351   Thumb Code    54  stm32f10x_tim.o(.text)
    TIM_ETRClockMode2Config                  0x08001387   Thumb Code    32  stm32f10x_tim.o(.text)
    TIM_PrescalerConfig                      0x080013a7   Thumb Code     6  stm32f10x_tim.o(.text)
    TIM_CounterModeConfig                    0x080013ad   Thumb Code    18  stm32f10x_tim.o(.text)
    TIM_EncoderInterfaceConfig               0x080013bf   Thumb Code    66  stm32f10x_tim.o(.text)
    TIM_ForcedOC1Config                      0x08001401   Thumb Code    18  stm32f10x_tim.o(.text)
    TIM_ForcedOC2Config                      0x08001413   Thumb Code    26  stm32f10x_tim.o(.text)
    TIM_ForcedOC3Config                      0x0800142d   Thumb Code    18  stm32f10x_tim.o(.text)
    TIM_ForcedOC4Config                      0x0800143f   Thumb Code    26  stm32f10x_tim.o(.text)
    TIM_ARRPreloadConfig                     0x08001459   Thumb Code    24  stm32f10x_tim.o(.text)
    TIM_SelectCOM                            0x08001471   Thumb Code    24  stm32f10x_tim.o(.text)
    TIM_SelectCCDMA                          0x08001489   Thumb Code    24  stm32f10x_tim.o(.text)
    TIM_CCPreloadControl                     0x080014a1   Thumb Code    24  stm32f10x_tim.o(.text)
    TIM_OC1PreloadConfig                     0x080014b9   Thumb Code    18  stm32f10x_tim.o(.text)
    TIM_OC2PreloadConfig                     0x080014cb   Thumb Code    26  stm32f10x_tim.o(.text)
    TIM_OC3PreloadConfig                     0x080014e5   Thumb Code    18  stm32f10x_tim.o(.text)
    TIM_OC4PreloadConfig                     0x080014f7   Thumb Code    26  stm32f10x_tim.o(.text)
    TIM_OC1FastConfig                        0x08001511   Thumb Code    18  stm32f10x_tim.o(.text)
    TIM_OC2FastConfig                        0x08001523   Thumb Code    26  stm32f10x_tim.o(.text)
    TIM_OC3FastConfig                        0x0800153d   Thumb Code    18  stm32f10x_tim.o(.text)
    TIM_OC4FastConfig                        0x0800154f   Thumb Code    26  stm32f10x_tim.o(.text)
    TIM_ClearOC1Ref                          0x08001569   Thumb Code    18  stm32f10x_tim.o(.text)
    TIM_ClearOC2Ref                          0x0800157b   Thumb Code    24  stm32f10x_tim.o(.text)
    TIM_ClearOC3Ref                          0x08001593   Thumb Code    18  stm32f10x_tim.o(.text)
    TIM_ClearOC4Ref                          0x080015a5   Thumb Code    24  stm32f10x_tim.o(.text)
    TIM_OC1PolarityConfig                    0x080015bd   Thumb Code    18  stm32f10x_tim.o(.text)
    TIM_OC1NPolarityConfig                   0x080015cf   Thumb Code    18  stm32f10x_tim.o(.text)
    TIM_OC2PolarityConfig                    0x080015e1   Thumb Code    26  stm32f10x_tim.o(.text)
    TIM_OC2NPolarityConfig                   0x080015fb   Thumb Code    26  stm32f10x_tim.o(.text)
    TIM_OC3PolarityConfig                    0x08001615   Thumb Code    26  stm32f10x_tim.o(.text)
    TIM_OC3NPolarityConfig                   0x0800162f   Thumb Code    26  stm32f10x_tim.o(.text)
    TIM_OC4PolarityConfig                    0x08001649   Thumb Code    26  stm32f10x_tim.o(.text)
    TIM_CCxCmd                               0x08001663   Thumb Code    30  stm32f10x_tim.o(.text)
    TIM_CCxNCmd                              0x08001681   Thumb Code    30  stm32f10x_tim.o(.text)
    TIM_SelectOCxM                           0x0800169f   Thumb Code    82  stm32f10x_tim.o(.text)
    TIM_UpdateDisableConfig                  0x080016f1   Thumb Code    24  stm32f10x_tim.o(.text)
    TIM_UpdateRequestConfig                  0x08001709   Thumb Code    24  stm32f10x_tim.o(.text)
    TIM_SelectHallSensor                     0x08001721   Thumb Code    24  stm32f10x_tim.o(.text)
    TIM_SelectOnePulseMode                   0x08001739   Thumb Code    18  stm32f10x_tim.o(.text)
    TIM_SelectOutputTrigger                  0x0800174b   Thumb Code    18  stm32f10x_tim.o(.text)
    TIM_SelectSlaveMode                      0x0800175d   Thumb Code    18  stm32f10x_tim.o(.text)
    TIM_SelectMasterSlaveMode                0x0800176f   Thumb Code    18  stm32f10x_tim.o(.text)
    TIM_SetCounter                           0x08001781   Thumb Code     4  stm32f10x_tim.o(.text)
    TIM_SetAutoreload                        0x08001785   Thumb Code     4  stm32f10x_tim.o(.text)
    TIM_SetCompare1                          0x08001789   Thumb Code     4  stm32f10x_tim.o(.text)
    TIM_SetCompare2                          0x0800178d   Thumb Code     4  stm32f10x_tim.o(.text)
    TIM_SetCompare3                          0x08001791   Thumb Code     4  stm32f10x_tim.o(.text)
    TIM_SetCompare4                          0x08001795   Thumb Code     6  stm32f10x_tim.o(.text)
    TIM_SetClockDivision                     0x0800179b   Thumb Code    18  stm32f10x_tim.o(.text)
    TIM_GetCapture1                          0x080017ad   Thumb Code     6  stm32f10x_tim.o(.text)
    TIM_GetCapture2                          0x080017b3   Thumb Code     6  stm32f10x_tim.o(.text)
    TIM_GetCapture3                          0x080017b9   Thumb Code     6  stm32f10x_tim.o(.text)
    TIM_GetCapture4                          0x080017bf   Thumb Code     8  stm32f10x_tim.o(.text)
    TIM_GetCounter                           0x080017c7   Thumb Code     6  stm32f10x_tim.o(.text)
    TIM_GetPrescaler                         0x080017cd   Thumb Code     6  stm32f10x_tim.o(.text)
    TIM_GetFlagStatus                        0x080017d3   Thumb Code    18  stm32f10x_tim.o(.text)
    TIM_ClearFlag                            0x080017e5   Thumb Code     6  stm32f10x_tim.o(.text)
    TIM_GetITStatus                          0x080017eb   Thumb Code    34  stm32f10x_tim.o(.text)
    TIM_ClearITPendingBit                    0x0800180d   Thumb Code     6  stm32f10x_tim.o(.text)
    USART_DeInit                             0x08001815   Thumb Code   134  stm32f10x_usart.o(.text)
    USART_Init                               0x0800189b   Thumb Code   210  stm32f10x_usart.o(.text)
    USART_StructInit                         0x0800196d   Thumb Code    24  stm32f10x_usart.o(.text)
    USART_ClockInit                          0x08001985   Thumb Code    34  stm32f10x_usart.o(.text)
    USART_ClockStructInit                    0x080019a7   Thumb Code    12  stm32f10x_usart.o(.text)
    USART_Cmd                                0x080019b3   Thumb Code    24  stm32f10x_usart.o(.text)
    USART_ITConfig                           0x080019cb   Thumb Code    74  stm32f10x_usart.o(.text)
    USART_DMACmd                             0x08001a15   Thumb Code    18  stm32f10x_usart.o(.text)
    USART_SetAddress                         0x08001a27   Thumb Code    18  stm32f10x_usart.o(.text)
    USART_WakeUpConfig                       0x08001a39   Thumb Code    18  stm32f10x_usart.o(.text)
    USART_ReceiverWakeUpCmd                  0x08001a4b   Thumb Code    24  stm32f10x_usart.o(.text)
    USART_LINBreakDetectLengthConfig         0x08001a63   Thumb Code    18  stm32f10x_usart.o(.text)
    USART_LINCmd                             0x08001a75   Thumb Code    24  stm32f10x_usart.o(.text)
    USART_SendData                           0x08001a8d   Thumb Code     8  stm32f10x_usart.o(.text)
    USART_ReceiveData                        0x08001a95   Thumb Code    10  stm32f10x_usart.o(.text)
    USART_SendBreak                          0x08001a9f   Thumb Code    10  stm32f10x_usart.o(.text)
    USART_SetGuardTime                       0x08001aa9   Thumb Code    16  stm32f10x_usart.o(.text)
    USART_SetPrescaler                       0x08001ab9   Thumb Code    16  stm32f10x_usart.o(.text)
    USART_SmartCardCmd                       0x08001ac9   Thumb Code    24  stm32f10x_usart.o(.text)
    USART_SmartCardNACKCmd                   0x08001ae1   Thumb Code    24  stm32f10x_usart.o(.text)
    USART_HalfDuplexCmd                      0x08001af9   Thumb Code    24  stm32f10x_usart.o(.text)
    USART_OverSampling8Cmd                   0x08001b11   Thumb Code    22  stm32f10x_usart.o(.text)
    USART_OneBitMethodCmd                    0x08001b27   Thumb Code    24  stm32f10x_usart.o(.text)
    USART_IrDAConfig                         0x08001b3f   Thumb Code    18  stm32f10x_usart.o(.text)
    USART_IrDACmd                            0x08001b51   Thumb Code    24  stm32f10x_usart.o(.text)
    USART_GetFlagStatus                      0x08001b69   Thumb Code    26  stm32f10x_usart.o(.text)
    USART_ClearFlag                          0x08001b83   Thumb Code    18  stm32f10x_usart.o(.text)
    USART_GetITStatus                        0x08001b95   Thumb Code    84  stm32f10x_usart.o(.text)
    USART_ClearITPendingBit                  0x08001be9   Thumb Code    52  stm32f10x_usart.o(.text)
    SystemInit                               0x08001cfb   Thumb Code    78  system_stm32f10x.o(.text)
    SystemCoreClockUpdate                    0x08001d49   Thumb Code   142  system_stm32f10x.o(.text)
    delay_us                                 0x08001dfd   Thumb Code    26  delay.o(.text)
    delay_ms                                 0x08001e17   Thumb Code    24  delay.o(.text)
    get_ms                                   0x08001e2f   Thumb Code     2  delay.o(.text)
    i2cInit                                  0x08002049   Thumb Code    42  i2c.o(.text)
    i2cWriteBuffer                           0x08002073   Thumb Code   100  i2c.o(.text)
    i2cwrite                                 0x080020d7   Thumb Code    38  i2c.o(.text)
    i2cRead                                  0x080020fd   Thumb Code   120  i2c.o(.text)
    i2cread                                  0x08002175   Thumb Code    38  i2c.o(.text)
    i2cWrite                                 0x0800219b   Thumb Code    72  i2c.o(.text)
    i2cGetErrorCounter                       0x080021e3   Thumb Code     4  i2c.o(.text)
    LED_GPIO_Config                          0x080021ed   Thumb Code    58  led.o(.text)
    main                                     0x08002231   Thumb Code   116  main.o(.text)
    MOTOR_GPIO_Config                        0x080022a9   Thumb Code    50  motor.o(.text)
    TIM2_PWM_CHANGE                          0x08002387   Thumb Code    82  motor.o(.text)
    TIM2_PWM_Init                            0x080023d9   Thumb Code    12  motor.o(.text)
    TIM3_IRQHandler                          0x080023e5   Thumb Code    16  motor.o(.text)
    TIM4_IRQHandler                          0x080023f5   Thumb Code    16  motor.o(.text)
    TIM3_Encoder_Init                        0x08002405   Thumb Code   210  motor.o(.text)
    TIM4_Encoder_Init                        0x080024d7   Thumb Code   210  motor.o(.text)
    TIM3_External_Clock_CountingMode         0x080025a9   Thumb Code   162  motor.o(.text)
    TIM4_External_Clock_CountingMode         0x0800264b   Thumb Code   174  motor.o(.text)
    MPU6050_Init                             0x080026fd   Thumb Code   208  mpu6050.o(.text)
    MPU6050_Pose                             0x080027cd   Thumb Code  1336  mpu6050.o(.text)
    NMI_Handler                              0x08002d21   Thumb Code     2  stm32f10x_it.o(.text)
    HardFault_Handler                        0x08002d23   Thumb Code     4  stm32f10x_it.o(.text)
    MemManage_Handler                        0x08002d27   Thumb Code     4  stm32f10x_it.o(.text)
    BusFault_Handler                         0x08002d2b   Thumb Code     4  stm32f10x_it.o(.text)
    UsageFault_Handler                       0x08002d2f   Thumb Code     4  stm32f10x_it.o(.text)
    SVC_Handler                              0x08002d33   Thumb Code     2  stm32f10x_it.o(.text)
    DebugMon_Handler                         0x08002d35   Thumb Code     2  stm32f10x_it.o(.text)
    PendSV_Handler                           0x08002d37   Thumb Code     2  stm32f10x_it.o(.text)
    SysTick_Handler                          0x08002d39   Thumb Code   120  stm32f10x_it.o(.text)
    SysTick_Init                             0x08002dc9   Thumb Code   106  systick.o(.text)
    Delay_us                                 0x08002e33   Thumb Code    36  systick.o(.text)
    TimingDelay_Decrement                    0x08002e57   Thumb Code    18  systick.o(.text)
    delay_nms                                0x08002e79   Thumb Code    32  upstandingcar.o(.text)
    CarUpstandInit                           0x08002e99   Thumb Code    92  upstandingcar.o(.text)
    ResetPID                                 0x08002ef5   Thumb Code   176  upstandingcar.o(.text)
    AngleControl                             0x08002fa5   Thumb Code   188  upstandingcar.o(.text)
    SetMotorVoltageAndDirection              0x08003061   Thumb Code   316  upstandingcar.o(.text)
    MotorOutput                              0x0800319d   Thumb Code   176  upstandingcar.o(.text)
    GetMotorPulse                            0x0800324d   Thumb Code   296  upstandingcar.o(.text)
    SpeedControl                             0x08003375   Thumb Code   370  upstandingcar.o(.text)
    USART3_IRQHandler                        0x080034e7   Thumb Code   152  upstandingcar.o(.text)
    chaoshengbo                              0x0800357f   Thumb Code   142  upstandingcar.o(.text)
    CalcUpData                               0x0800360d   Thumb Code   866  upstandingcar.o(.text)
    SendAutoUp                               0x0800396f   Thumb Code    52  upstandingcar.o(.text)
    StringFind                               0x080039a3   Thumb Code    74  upstandingcar.o(.text)
    CarStateOut                              0x080039ed   Thumb Code   164  upstandingcar.o(.text)
    ProtocolGetPID                           0x08003a91   Thumb Code   324  upstandingcar.o(.text)
    ProtocolCpyData                          0x08003bd5   Thumb Code    26  upstandingcar.o(.text)
    Protocol                                 0x08003bef   Thumb Code   862  upstandingcar.o(.text)
    USART1_Config                            0x08003f9d   Thumb Code   114  usart.o(.text)
    NVIC_Configurationusart3                 0x0800400f   Thumb Code    40  usart.o(.text)
    USART3_Config                            0x08004037   Thumb Code   136  usart.o(.text)
    fputc                                    0x080040bf   Thumb Code    32  usart.o(.text)
    USART1_printf                            0x08004141   Thumb Code   262  usart.o(.text)
    USART1_Send_Byte                         0x08004247   Thumb Code    28  usart.o(.text)
    USART3_Send_Byte                         0x08004263   Thumb Code    28  usart.o(.text)
    UART3_Send_Char                          0x0800427f   Thumb Code    24  usart.o(.text)
    PrintChar                                0x08004297   Thumb Code    24  usart.o(.text)
    Timerx_Init                              0x080042c1   Thumb Code    92  timer.o(.text)
    TIM1_UP_IRQHandler                       0x0800431d   Thumb Code    22  timer.o(.text)
    UltrasonicWave_Configuration             0x08004339   Thumb Code   130  ultrasonicwave.o(.text)
    EXTI1_IRQHandler                         0x080043bb   Thumb Code    96  ultrasonicwave.o(.text)
    UltrasonicWave_StartMeasure              0x0800441b   Thumb Code    26  ultrasonicwave.o(.text)
    Reset_Handler                            0x08004445   Thumb Code     8  startup_stm32f10x_md.o(.text)
    ADC1_2_IRQHandler                        0x0800445f   Thumb Code     0  startup_stm32f10x_md.o(.text)
    CAN1_RX1_IRQHandler                      0x0800445f   Thumb Code     0  startup_stm32f10x_md.o(.text)
    CAN1_SCE_IRQHandler                      0x0800445f   Thumb Code     0  startup_stm32f10x_md.o(.text)
    DMA1_Channel1_IRQHandler                 0x0800445f   Thumb Code     0  startup_stm32f10x_md.o(.text)
    DMA1_Channel2_IRQHandler                 0x0800445f   Thumb Code     0  startup_stm32f10x_md.o(.text)
    DMA1_Channel3_IRQHandler                 0x0800445f   Thumb Code     0  startup_stm32f10x_md.o(.text)
    DMA1_Channel4_IRQHandler                 0x0800445f   Thumb Code     0  startup_stm32f10x_md.o(.text)
    DMA1_Channel5_IRQHandler                 0x0800445f   Thumb Code     0  startup_stm32f10x_md.o(.text)
    DMA1_Channel6_IRQHandler                 0x0800445f   Thumb Code     0  startup_stm32f10x_md.o(.text)
    DMA1_Channel7_IRQHandler                 0x0800445f   Thumb Code     0  startup_stm32f10x_md.o(.text)
    EXTI0_IRQHandler                         0x0800445f   Thumb Code     0  startup_stm32f10x_md.o(.text)
    EXTI15_10_IRQHandler                     0x0800445f   Thumb Code     0  startup_stm32f10x_md.o(.text)
    EXTI2_IRQHandler                         0x0800445f   Thumb Code     0  startup_stm32f10x_md.o(.text)
    EXTI3_IRQHandler                         0x0800445f   Thumb Code     0  startup_stm32f10x_md.o(.text)
    EXTI4_IRQHandler                         0x0800445f   Thumb Code     0  startup_stm32f10x_md.o(.text)
    EXTI9_5_IRQHandler                       0x0800445f   Thumb Code     0  startup_stm32f10x_md.o(.text)
    FLASH_IRQHandler                         0x0800445f   Thumb Code     0  startup_stm32f10x_md.o(.text)
    I2C1_ER_IRQHandler                       0x0800445f   Thumb Code     0  startup_stm32f10x_md.o(.text)
    I2C1_EV_IRQHandler                       0x0800445f   Thumb Code     0  startup_stm32f10x_md.o(.text)
    I2C2_ER_IRQHandler                       0x0800445f   Thumb Code     0  startup_stm32f10x_md.o(.text)
    I2C2_EV_IRQHandler                       0x0800445f   Thumb Code     0  startup_stm32f10x_md.o(.text)
    PVD_IRQHandler                           0x0800445f   Thumb Code     0  startup_stm32f10x_md.o(.text)
    RCC_IRQHandler                           0x0800445f   Thumb Code     0  startup_stm32f10x_md.o(.text)
    RTCAlarm_IRQHandler                      0x0800445f   Thumb Code     0  startup_stm32f10x_md.o(.text)
    RTC_IRQHandler                           0x0800445f   Thumb Code     0  startup_stm32f10x_md.o(.text)
    SPI1_IRQHandler                          0x0800445f   Thumb Code     0  startup_stm32f10x_md.o(.text)
    SPI2_IRQHandler                          0x0800445f   Thumb Code     0  startup_stm32f10x_md.o(.text)
    TAMPER_IRQHandler                        0x0800445f   Thumb Code     0  startup_stm32f10x_md.o(.text)
    TIM1_BRK_IRQHandler                      0x0800445f   Thumb Code     0  startup_stm32f10x_md.o(.text)
    TIM1_CC_IRQHandler                       0x0800445f   Thumb Code     0  startup_stm32f10x_md.o(.text)
    TIM1_TRG_COM_IRQHandler                  0x0800445f   Thumb Code     0  startup_stm32f10x_md.o(.text)
    TIM2_IRQHandler                          0x0800445f   Thumb Code     0  startup_stm32f10x_md.o(.text)
    USART1_IRQHandler                        0x0800445f   Thumb Code     0  startup_stm32f10x_md.o(.text)
    USART2_IRQHandler                        0x0800445f   Thumb Code     0  startup_stm32f10x_md.o(.text)
    USBWakeUp_IRQHandler                     0x0800445f   Thumb Code     0  startup_stm32f10x_md.o(.text)
    USB_HP_CAN1_TX_IRQHandler                0x0800445f   Thumb Code     0  startup_stm32f10x_md.o(.text)
    USB_LP_CAN1_RX0_IRQHandler               0x0800445f   Thumb Code     0  startup_stm32f10x_md.o(.text)
    WWDG_IRQHandler                          0x0800445f   Thumb Code     0  startup_stm32f10x_md.o(.text)
    mpu_reg_dump                             0x080044f3   Thumb Code    72  inv_mpu.o(.text)
    mpu_read_reg                             0x0800453b   Thumb Code    66  inv_mpu.o(.text)
    mpu_set_int_latched                      0x0800457d   Thumb Code   102  inv_mpu.o(.text)
    mpu_set_sensors                          0x080045e3   Thumb Code   202  inv_mpu.o(.text)
    mpu_set_bypass                           0x080046ad   Thumb Code   328  inv_mpu.o(.text)
    mpu_reset_fifo                           0x080047f5   Thumb Code   456  inv_mpu.o(.text)
    mpu_configure_fifo                       0x080049bd   Thumb Code   106  inv_mpu.o(.text)
    mpu_set_lpf                              0x08004a27   Thumb Code   126  inv_mpu.o(.text)
    mpu_lp_accel_mode                        0x08004aa5   Thumb Code   218  inv_mpu.o(.text)
    mpu_set_sample_rate                      0x08004b7f   Thumb Code   152  inv_mpu.o(.text)
    mpu_set_accel_fsr                        0x08004c17   Thumb Code   132  inv_mpu.o(.text)
    mpu_set_gyro_fsr                         0x08004c9b   Thumb Code   132  inv_mpu.o(.text)
    mpu_init                                 0x08004d1f   Thumb Code   414  inv_mpu.o(.text)
    mpu_get_gyro_reg                         0x08004ebd   Thumb Code   110  inv_mpu.o(.text)
    mpu_get_accel_reg                        0x08004f2b   Thumb Code   110  inv_mpu.o(.text)
    mpu_get_temperature                      0x08004f99   Thumb Code   150  inv_mpu.o(.text)
    mpu_set_accel_bias                       0x0800502f   Thumb Code   468  inv_mpu.o(.text)
    mpu_get_gyro_fsr                         0x08005203   Thumb Code    64  inv_mpu.o(.text)
    mpu_get_accel_fsr                        0x08005243   Thumb Code    72  inv_mpu.o(.text)
    mpu_get_lpf                              0x0800528b   Thumb Code    74  inv_mpu.o(.text)
    mpu_get_sample_rate                      0x080052d5   Thumb Code    26  inv_mpu.o(.text)
    mpu_get_compass_sample_rate              0x080052ef   Thumb Code    10  inv_mpu.o(.text)
    mpu_set_compass_sample_rate              0x080052f9   Thumb Code     8  inv_mpu.o(.text)
    mpu_get_gyro_sens                        0x08005301   Thumb Code    58  inv_mpu.o(.text)
    mpu_get_accel_sens                       0x0800533b   Thumb Code    78  inv_mpu.o(.text)
    mpu_get_fifo_config                      0x08005389   Thumb Code    12  inv_mpu.o(.text)
    mpu_get_power_state                      0x08005395   Thumb Code    22  inv_mpu.o(.text)
    mpu_get_int_status                       0x080053ab   Thumb Code    64  inv_mpu.o(.text)
    mpu_read_fifo                            0x080053eb   Thumb Code   520  inv_mpu.o(.text)
    mpu_read_fifo_stream                     0x080055f3   Thumb Code   186  inv_mpu.o(.text)
    mpu_set_int_level                        0x080056ad   Thumb Code    12  inv_mpu.o(.text)
    mpu_set_dmp_state                        0x08005d8d   Thumb Code   138  inv_mpu.o(.text)
    mpu_run_self_test                        0x08005e17   Thumb Code   278  inv_mpu.o(.text)
    mpu_write_mem                            0x08005f2d   Thumb Code   122  inv_mpu.o(.text)
    mpu_read_mem                             0x08005fa7   Thumb Code   122  inv_mpu.o(.text)
    mpu_load_firmware                        0x08006021   Thumb Code   190  inv_mpu.o(.text)
    mpu_get_dmp_state                        0x080060df   Thumb Code    14  inv_mpu.o(.text)
    mpu_get_compass_reg                      0x080060ed   Thumb Code     8  inv_mpu.o(.text)
    mpu_get_compass_fsr                      0x080060f5   Thumb Code     8  inv_mpu.o(.text)
    mpu_lp_motion_interrupt                  0x080060fd   Thumb Code   512  inv_mpu.o(.text)
    dmp_load_motion_driver_firmware          0x08006301   Thumb Code    20  inv_mpu_dmp_motion_driver.o(.text)
    dmp_set_orientation                      0x08006315   Thumb Code   290  inv_mpu_dmp_motion_driver.o(.text)
    dmp_set_gyro_bias                        0x08006437   Thumb Code   294  inv_mpu_dmp_motion_driver.o(.text)
    dmp_set_accel_bias                       0x0800655d   Thumb Code   300  inv_mpu_dmp_motion_driver.o(.text)
    dmp_set_fifo_rate                        0x08006689   Thumb Code   136  inv_mpu_dmp_motion_driver.o(.text)
    dmp_get_fifo_rate                        0x08006711   Thumb Code    12  inv_mpu_dmp_motion_driver.o(.text)
    dmp_set_tap_thresh                       0x0800671d   Thumb Code   396  inv_mpu_dmp_motion_driver.o(.text)
    dmp_set_tap_axes                         0x080068a9   Thumb Code    70  inv_mpu_dmp_motion_driver.o(.text)
    dmp_set_tap_count                        0x080068ef   Thumb Code    38  inv_mpu_dmp_motion_driver.o(.text)
    dmp_set_tap_time                         0x08006915   Thumb Code    38  inv_mpu_dmp_motion_driver.o(.text)
    dmp_set_tap_time_multi                   0x0800693b   Thumb Code    38  inv_mpu_dmp_motion_driver.o(.text)
    dmp_set_shake_reject_thresh              0x08006961   Thumb Code    56  inv_mpu_dmp_motion_driver.o(.text)
    dmp_set_shake_reject_time                0x08006999   Thumb Code    38  inv_mpu_dmp_motion_driver.o(.text)
    dmp_set_shake_reject_timeout             0x080069bf   Thumb Code    38  inv_mpu_dmp_motion_driver.o(.text)
    dmp_get_pedometer_step_count             0x080069e5   Thumb Code    66  inv_mpu_dmp_motion_driver.o(.text)
    dmp_set_pedometer_step_count             0x08006a27   Thumb Code    42  inv_mpu_dmp_motion_driver.o(.text)
    dmp_get_pedometer_walk_time              0x08006a51   Thumb Code    72  inv_mpu_dmp_motion_driver.o(.text)
    dmp_set_pedometer_walk_time              0x08006a99   Thumb Code    48  inv_mpu_dmp_motion_driver.o(.text)
    dmp_enable_6x_lp_quat                    0x08006ac9   Thumb Code    84  inv_mpu_dmp_motion_driver.o(.text)
    dmp_enable_lp_quat                       0x08006b1d   Thumb Code    60  inv_mpu_dmp_motion_driver.o(.text)
    dmp_enable_gyro_cal                      0x08006b59   Thumb Code    62  inv_mpu_dmp_motion_driver.o(.text)
    dmp_enable_feature                       0x08006b97   Thumb Code   530  inv_mpu_dmp_motion_driver.o(.text)
    dmp_get_enabled_features                 0x08006da9   Thumb Code    12  inv_mpu_dmp_motion_driver.o(.text)
    dmp_set_interrupt_mode                   0x08006e13   Thumb Code    66  inv_mpu_dmp_motion_driver.o(.text)
    dmp_read_fifo                            0x08006e55   Thumb Code   514  inv_mpu_dmp_motion_driver.o(.text)
    dmp_register_tap_cb                      0x08007057   Thumb Code    10  inv_mpu_dmp_motion_driver.o(.text)
    dmp_register_android_orient_cb           0x08007061   Thumb Code    10  inv_mpu_dmp_motion_driver.o(.text)
    inv_orientation_matrix_to_scalar         0x080070b9   Thumb Code    40  inv_mpu_dmp_motion_driver.o(.text)
    run_self_test                            0x080070e1   Thumb Code   156  inv_mpu_dmp_motion_driver.o(.text)
    __aeabi_ldivmod                          0x080071c9   Thumb Code    98  ldiv.o(.text)
    __aeabi_memcpy                           0x0800722b   Thumb Code    36  memcpya.o(.text)
    __aeabi_memcpy4                          0x0800722b   Thumb Code     0  memcpya.o(.text)
    __aeabi_memcpy8                          0x0800722b   Thumb Code     0  memcpya.o(.text)
    __aeabi_memset                           0x0800724f   Thumb Code    14  memseta.o(.text)
    __aeabi_memset4                          0x0800724f   Thumb Code     0  memseta.o(.text)
    __aeabi_memset8                          0x0800724f   Thumb Code     0  memseta.o(.text)
    __aeabi_memclr                           0x0800725d   Thumb Code     4  memseta.o(.text)
    __aeabi_memclr4                          0x0800725d   Thumb Code     0  memseta.o(.text)
    __aeabi_memclr8                          0x0800725d   Thumb Code     0  memseta.o(.text)
    _memset$wrapper                          0x08007261   Thumb Code    18  memseta.o(.text)
    strcat                                   0x08007273   Thumb Code    24  strcat.o(.text)
    strlen                                   0x0800728b   Thumb Code    14  strlen.o(.text)
    memcmp                                   0x08007299   Thumb Code    26  memcmp.o(.text)
    __aeabi_fadd                             0x080072b3   Thumb Code   164  fadd.o(.text)
    __aeabi_fsub                             0x08007357   Thumb Code     6  fadd.o(.text)
    __aeabi_frsub                            0x0800735d   Thumb Code     6  fadd.o(.text)
    __aeabi_fmul                             0x08007363   Thumb Code   100  fmul.o(.text)
    __aeabi_fdiv                             0x080073c7   Thumb Code   124  fdiv.o(.text)
    __aeabi_dadd                             0x08007443   Thumb Code   322  dadd.o(.text)
    __aeabi_dsub                             0x08007585   Thumb Code     6  dadd.o(.text)
    __aeabi_drsub                            0x0800758b   Thumb Code     6  dadd.o(.text)
    __aeabi_dmul                             0x08007591   Thumb Code   228  dmul.o(.text)
    __aeabi_ddiv                             0x08007675   Thumb Code   222  ddiv.o(.text)
    __aeabi_i2f                              0x08007753   Thumb Code    18  fflti.o(.text)
    __aeabi_ui2f                             0x08007765   Thumb Code    10  ffltui.o(.text)
    __aeabi_i2d                              0x0800776f   Thumb Code    34  dflti.o(.text)
    __aeabi_f2iz                             0x08007791   Thumb Code    50  ffixi.o(.text)
    __aeabi_f2uiz                            0x080077c3   Thumb Code    40  ffixui.o(.text)
    __aeabi_f2d                              0x080077eb   Thumb Code    38  f2d.o(.text)
    __aeabi_cdcmpeq                          0x08007811   Thumb Code     0  cdcmple.o(.text)
    __aeabi_cdcmple                          0x08007811   Thumb Code    48  cdcmple.o(.text)
    __aeabi_d2f                              0x08007841   Thumb Code    56  d2f.o(.text)
    __aeabi_cfcmpeq                          0x08007879   Thumb Code     0  cfcmple.o(.text)
    __aeabi_cfcmple                          0x08007879   Thumb Code    20  cfcmple.o(.text)
    __aeabi_cfrcmple                         0x0800788d   Thumb Code    20  cfrcmple.o(.text)
    __aeabi_uidiv                            0x080078a1   Thumb Code     0  uidiv.o(.text)
    __aeabi_uidivmod                         0x080078a1   Thumb Code    44  uidiv.o(.text)
    __aeabi_uldivmod                         0x080078cd   Thumb Code    98  uldiv.o(.text)
    __aeabi_llsl                             0x0800792f   Thumb Code    30  llshl.o(.text)
    _ll_shift_l                              0x0800792f   Thumb Code     0  llshl.o(.text)
    __aeabi_lasr                             0x0800794d   Thumb Code    36  llsshr.o(.text)
    _ll_sshift_r                             0x0800794d   Thumb Code     0  llsshr.o(.text)
    __strtod_int                             0x080079a7   Thumb Code    90  strtod.o(.text)
    __I$use$fp                               0x08007a0d   Thumb Code     0  iusefp.o(.text)
    _float_round                             0x08007a0d   Thumb Code    18  fepilogue.o(.text)
    _float_epilogue                          0x08007a1f   Thumb Code    92  fepilogue.o(.text)
    _double_round                            0x08007a7b   Thumb Code    30  depilogue.o(.text)
    _double_epilogue                         0x08007a99   Thumb Code   156  depilogue.o(.text)
    __ARM_scalbn                             0x08007b35   Thumb Code    46  dscalb.o(.text)
    scalbn                                   0x08007b35   Thumb Code     0  dscalb.o(.text)
    __aeabi_d2ulz                            0x08007b63   Thumb Code    48  dfixul.o(.text)
    __aeabi_cdrcmple                         0x08007b95   Thumb Code    48  cdrcmple.o(.text)
    __scatterload                            0x08007bc5   Thumb Code    28  init.o(.text)
    __scatterload_rt2                        0x08007bc5   Thumb Code     0  init.o(.text)
    __aeabi_llsr                             0x08007be9   Thumb Code    32  llushr.o(.text)
    _ll_ushift_r                             0x08007be9   Thumb Code     0  llushr.o(.text)
    isspace                                  0x08007c09   Thumb Code    10  isspace_c.o(.text)
    _scanf_real                              0x08007d3d   Thumb Code     0  scanf_fp.o(.text)
    _scanf_really_real                       0x08007d3d   Thumb Code   556  scanf_fp.o(.text)
    _sgetc                                   0x08007f75   Thumb Code    30  _sgetc.o(.text)
    _sbackspace                              0x08007f93   Thumb Code    34  _sgetc.o(.text)
    _dsqrt                                   0x08007fb5   Thumb Code   162  dsqrt.o(.text)
    __ctype_lookup                           0x08008059   Thumb Code    34  ctype_c.o(.text)
    __aeabi_ul2d                             0x08008081   Thumb Code    24  dfltul.o(.text)
    __decompress                             0x08008099   Thumb Code     0  __dczerorl2.o(.text)
    __decompress1                            0x08008099   Thumb Code    86  __dczerorl2.o(.text)
    __0sprintf                               0x080080f1   Thumb Code    34  printfa.o(i.__0sprintf)
    __1sprintf                               0x080080f1   Thumb Code     0  printfa.o(i.__0sprintf)
    __2sprintf                               0x080080f1   Thumb Code     0  printfa.o(i.__0sprintf)
    __c89sprintf                             0x080080f1   Thumb Code     0  printfa.o(i.__0sprintf)
    sprintf                                  0x080080f1   Thumb Code     0  printfa.o(i.__0sprintf)
    __ARM_fpclassify                         0x08008119   Thumb Code    40  fpclassify.o(i.__ARM_fpclassify)
    __kernel_poly                            0x08008141   Thumb Code   170  poly.o(i.__kernel_poly)
    __mathlib_dbl_infnan                     0x080081eb   Thumb Code     6  dunder.o(i.__mathlib_dbl_infnan)
    __mathlib_dbl_infnan2                    0x080081f1   Thumb Code     4  dunder.o(i.__mathlib_dbl_infnan2)
    __mathlib_dbl_invalid                    0x080081f5   Thumb Code    12  dunder.o(i.__mathlib_dbl_invalid)
    __mathlib_dbl_underflow                  0x08008201   Thumb Code    10  dunder.o(i.__mathlib_dbl_underflow)
    __read_errno                             0x08008211   Thumb Code     6  errno.o(i.__read_errno)
    __scatterload_copy                       0x0800821d   Thumb Code    14  handlers.o(i.__scatterload_copy)
    __scatterload_null                       0x0800822b   Thumb Code     2  handlers.o(i.__scatterload_null)
    __scatterload_zeroinit                   0x0800822d   Thumb Code    14  handlers.o(i.__scatterload_zeroinit)
    __set_errno                              0x0800823d   Thumb Code     6  errno.o(i.__set_errno)
    _is_digit                                0x080083cd   Thumb Code    14  scanf_fp.o(i._is_digit)
    asin                                     0x08008b15   Thumb Code   572  asin.o(i.asin)
    atan                                     0x08008d85   Thumb Code   474  atan.o(i.atan)
    atan2                                    0x08008fa5   Thumb Code   346  atan2.o(i.atan2)
    atof                                     0x08009125   Thumb Code    42  atof.o(i.atof)
    sqrt                                     0x0800914f   Thumb Code    76  sqrt.o(i.sqrt)
    PID_Original                             0x080091a0   Data          32  upstandingcar.o(.constdata)
    hw                                       0x080091c0   Data          12  inv_mpu.o(.constdata)
    reg                                      0x080091cc   Data          27  inv_mpu.o(.constdata)
    test                                     0x080091e8   Data          40  inv_mpu.o(.constdata)
    __mathlib_zero                           0x08009ef0   Data           8  qnan.o(.constdata)
    __ctype_categories                       0x08009ef8   Data          64  ctype_c.o(.constdata)
    Region$$Table$$Base                      0x08009f88   Number         0  anon$$obj.o(Region$$Table)
    Region$$Table$$Limit                     0x08009fa8   Number         0  anon$$obj.o(Region$$Table)
    SystemCoreClock                          0x20000014   Data           4  system_stm32f10x.o(.data)
    AHBPrescTable                            0x20000018   Data          16  system_stm32f10x.o(.data)
    q0                                       0x20000034   Data           4  mpu6050.o(.data)
    q1                                       0x20000038   Data           4  mpu6050.o(.data)
    q2                                       0x2000003c   Data           4  mpu6050.o(.data)
    q3                                       0x20000040   Data           4  mpu6050.o(.data)
    Pitch                                    0x20000044   Data           4  mpu6050.o(.data)
    Roll                                     0x20000048   Data           4  mpu6050.o(.data)
    Yaw                                      0x2000004c   Data           4  mpu6050.o(.data)
    sensor_timestamp                         0x20000050   Data           4  mpu6050.o(.data)
    gyro                                     0x20000054   Data           6  mpu6050.o(.data)
    accel                                    0x2000005a   Data           6  mpu6050.o(.data)
    sensors                                  0x20000060   Data           2  mpu6050.o(.data)
    more                                     0x20000062   Data           1  mpu6050.o(.data)
    newLineReceived                          0x20000068   Data           1  upstandingcar.o(.data)
    enCarState                               0x20000069   Data           1  upstandingcar.o(.data)
    g_newcarstate                            0x2000006c   Data           4  upstandingcar.o(.data)
    returntemp                               0x20000070   Data          33  upstandingcar.o(.data)
    piddisplay                               0x20000091   Data          50  upstandingcar.o(.data)
    BST_u8MainEventCount                     0x200000c3   Data           1  upstandingcar.o(.data)
    BST_u8SpeedControlCount                  0x200000c4   Data           1  upstandingcar.o(.data)
    BST_u8SpeedControlPeriod                 0x200000c5   Data           1  upstandingcar.o(.data)
    BST_u8DirectionControlPeriod             0x200000c6   Data           1  upstandingcar.o(.data)
    BST_u8DirectionControlCount              0x200000c7   Data           1  upstandingcar.o(.data)
    BST_u8trig                               0x200000c8   Data           1  upstandingcar.o(.data)
    ucBluetoothValue                         0x200000c9   Data           1  upstandingcar.o(.data)
    volt                                     0x200000cc   Data           4  upstandingcar.o(.data)
    BST_fSpeedControlOut                     0x200000d0   Data           4  upstandingcar.o(.data)
    BST_fSpeedControlOutOld                  0x200000d4   Data           4  upstandingcar.o(.data)
    BST_fSpeedControlOutNew                  0x200000d8   Data           4  upstandingcar.o(.data)
    BST_fAngleControlOut                     0x200000dc   Data           4  upstandingcar.o(.data)
    BST_fLeftMotorOut                        0x200000e0   Data           4  upstandingcar.o(.data)
    BST_fRightMotorOut                       0x200000e4   Data           4  upstandingcar.o(.data)
    BST_fCarAngle                            0x200000e8   Data           4  upstandingcar.o(.data)
    gyro_z                                   0x200000ec   Data           4  upstandingcar.o(.data)
    gyrx                                     0x200000f0   Data           4  upstandingcar.o(.data)
    gy0                                      0x200000f4   Data           4  upstandingcar.o(.data)
    BST_fCarAngle_P                          0x200000f8   Data           4  upstandingcar.o(.data)
    BST_fCarAngle_D                          0x200000fc   Data           4  upstandingcar.o(.data)
    BST_fCarSpeed_P                          0x20000100   Data           4  upstandingcar.o(.data)
    BST_fCarSpeed_I                          0x20000104   Data           4  upstandingcar.o(.data)
    iap                                      0x20000108   Data           4  upstandingcar.o(.data)
    BST_s16LeftMotorPulse                    0x2000010c   Data           2  upstandingcar.o(.data)
    BST_s16RightMotorPulse                   0x2000010e   Data           2  upstandingcar.o(.data)
    BST_s32LeftMotorPulseOld                 0x20000110   Data           4  upstandingcar.o(.data)
    BST_s32RightMotorPulseOld                0x20000114   Data           4  upstandingcar.o(.data)
    BST_s32LeftMotorPulseSigma               0x20000118   Data           4  upstandingcar.o(.data)
    BST_s32RightMotorPulseSigma              0x2000011c   Data           4  upstandingcar.o(.data)
    BST_fCarSpeed                            0x20000120   Data           4  upstandingcar.o(.data)
    BST_fCarSpeedOld                         0x20000124   Data           4  upstandingcar.o(.data)
    BST_fCarPosition                         0x20000128   Data           4  upstandingcar.o(.data)
    leftstop                                 0x2000012c   Data           4  upstandingcar.o(.data)
    rightstop                                0x20000130   Data           4  upstandingcar.o(.data)
    stopflag                                 0x20000134   Data           4  upstandingcar.o(.data)
    fchaoshengbo                             0x20000138   Data           4  upstandingcar.o(.data)
    juli                                     0x2000013c   Data           4  upstandingcar.o(.data)
    BST_fBluetoothSpeed                      0x20000140   Data           4  upstandingcar.o(.data)
    BST_fBluetoothDirectionNew               0x20000144   Data           4  upstandingcar.o(.data)
    BST_fBluetoothDirectionSL                0x20000148   Data           4  upstandingcar.o(.data)
    BST_fBluetoothDirectionSR                0x2000014c   Data           4  upstandingcar.o(.data)
    chaoflag                                 0x20000150   Data           4  upstandingcar.o(.data)
    x                                        0x20000154   Data           4  upstandingcar.o(.data)
    y1                                       0x20000158   Data           4  upstandingcar.o(.data)
    z1                                       0x2000015c   Data           4  upstandingcar.o(.data)
    y2                                       0x20000160   Data           4  upstandingcar.o(.data)
    z2                                       0x20000164   Data           4  upstandingcar.o(.data)
    flagbt                                   0x20000168   Data           4  upstandingcar.o(.data)
    g_autoup                                 0x2000016c   Data           4  upstandingcar.o(.data)
    g_uptimes                                0x20000170   Data           4  upstandingcar.o(.data)
    kp                                       0x20000174   Data           1  upstandingcar.o(.data)
    kd                                       0x20000175   Data           1  upstandingcar.o(.data)
    ksp                                      0x20000176   Data           1  upstandingcar.o(.data)
    ksi                                      0x20000177   Data           1  upstandingcar.o(.data)
    dac                                      0x20000178   Data           4  upstandingcar.o(.data)
    dgy                                      0x2000017c   Data           4  upstandingcar.o(.data)
    BST_fBluetoothDirectionL                 0x20000180   Data           4  upstandingcar.o(.data)
    BST_fBluetoothDirectionR                 0x20000184   Data           4  upstandingcar.o(.data)
    driectionxco                             0x20000188   Data           4  upstandingcar.o(.data)
    Q_angle                                  0x2000018c   Data           4  upstandingcar.o(.data)
    Q_gyro                                   0x20000190   Data           4  upstandingcar.o(.data)
    R_angle                                  0x20000194   Data           4  upstandingcar.o(.data)
    dt                                       0x20000198   Data           4  upstandingcar.o(.data)
    C_0                                      0x2000019c   Data           1  upstandingcar.o(.data)
    Q_bias                                   0x200001a0   Data           4  upstandingcar.o(.data)
    Angle_err                                0x200001a4   Data           4  upstandingcar.o(.data)
    PCt_0                                    0x200001a8   Data           4  upstandingcar.o(.data)
    PCt_1                                    0x200001ac   Data           4  upstandingcar.o(.data)
    E                                        0x200001b0   Data           4  upstandingcar.o(.data)
    K_0                                      0x200001b4   Data           4  upstandingcar.o(.data)
    K_1                                      0x200001b8   Data           4  upstandingcar.o(.data)
    t_0                                      0x200001bc   Data           4  upstandingcar.o(.data)
    t_1                                      0x200001c0   Data           4  upstandingcar.o(.data)
    PP                                       0x200001c4   Data          16  upstandingcar.o(.data)
    num                                      0x200001d4   Data           4  upstandingcar.o(.data)
    startBit                                 0x200001d8   Data           1  upstandingcar.o(.data)
    int9num                                  0x200001dc   Data           4  upstandingcar.o(.data)
    count                                    0x200001e0   Data           4  ultrasonicwave.o(.data)
    quat                                     0x20000214   Data          16  mpu6050.o(.bss)
    inputString                              0x20000224   Data          80  upstandingcar.o(.bss)
    ProtocolString                           0x20000274   Data          80  upstandingcar.o(.bss)
    manydisplay                              0x200002c4   Data          80  upstandingcar.o(.bss)
    updata                                   0x20000314   Data          80  upstandingcar.o(.bss)
    alldata                                  0x20000364   Data          80  upstandingcar.o(.bss)
    charkp                                   0x200003b4   Data          10  upstandingcar.o(.bss)
    charkd                                   0x200003be   Data          10  upstandingcar.o(.bss)
    charksp                                  0x200003c8   Data          10  upstandingcar.o(.bss)
    charksi                                  0x200003d2   Data          10  upstandingcar.o(.bss)
    lspeed                                   0x200003dc   Data          10  upstandingcar.o(.bss)
    rspeed                                   0x200003e6   Data          10  upstandingcar.o(.bss)
    daccel                                   0x200003f0   Data          10  upstandingcar.o(.bss)
    dgyro                                    0x200003fa   Data          10  upstandingcar.o(.bss)
    csb                                      0x20000404   Data          10  upstandingcar.o(.bss)
    vi                                       0x2000040e   Data          10  upstandingcar.o(.bss)
    Pdot                                     0x20000418   Data          16  upstandingcar.o(.bss)
    __initial_sp                             0x20000838   Data           0  startup_stm32f10x_md.o(STACK)



==============================================================================

Memory Map of the image

  Image Entry point : 0x080000ed

  Load Region LR_IROM1 (Base: 0x08000000, Size: 0x0000a1bc, Max: 0x00010000, ABSOLUTE, COMPRESSED[0x0000a020])

    Execution Region ER_IROM1 (Exec base: 0x08000000, Load base: 0x08000000, Size: 0x00009fa8, Max: 0x00010000, ABSOLUTE)

    Exec Addr    Load Addr    Size         Type   Attr      Idx    E Section Name        Object

    0x08000000   0x08000000   0x000000ec   Data   RO          727    RESET               startup_stm32f10x_md.o
    0x080000ec   0x080000ec   0x00000000   Code   RO          818  * .ARM.Collect$$$$00000000  mc_w.l(entry.o)
    0x080000ec   0x080000ec   0x00000004   Code   RO         1165    .ARM.Collect$$$$00000001  mc_w.l(entry2.o)
    0x080000f0   0x080000f0   0x00000004   Code   RO         1168    .ARM.Collect$$$$00000004  mc_w.l(entry5.o)
    0x080000f4   0x080000f4   0x00000000   Code   RO         1170    .ARM.Collect$$$$00000008  mc_w.l(entry7b.o)
    0x080000f4   0x080000f4   0x00000000   Code   RO         1172    .ARM.Collect$$$$0000000A  mc_w.l(entry8b.o)
    0x080000f4   0x080000f4   0x00000008   Code   RO         1173    .ARM.Collect$$$$0000000B  mc_w.l(entry9a.o)
    0x080000fc   0x080000fc   0x00000000   Code   RO         1175    .ARM.Collect$$$$0000000D  mc_w.l(entry10a.o)
    0x080000fc   0x080000fc   0x00000000   Code   RO         1177    .ARM.Collect$$$$0000000F  mc_w.l(entry11a.o)
    0x080000fc   0x080000fc   0x00000004   Code   RO         1166    .ARM.Collect$$$$00002712  mc_w.l(entry2.o)
    0x08000100   0x08000100   0x000000dc   Code   RO            1    .text               misc.o
    0x080001dc   0x080001dc   0x0000011c   Code   RO           65    .text               stm32f10x_exti.o
    0x080002f8   0x080002f8   0x0000035c   Code   RO           80    .text               stm32f10x_gpio.o
    0x08000654   0x08000654   0x000003a4   Code   RO          104    .text               stm32f10x_rcc.o
    0x080009f8   0x080009f8   0x00000e1a   Code   RO          118    .text               stm32f10x_tim.o
    0x08001812   0x08001812   0x00000002   PAD
    0x08001814   0x08001814   0x00000408   Code   RO          130    .text               stm32f10x_usart.o
    0x08001c1c   0x08001c1c   0x000001e0   Code   RO          378    .text               system_stm32f10x.o
    0x08001dfc   0x08001dfc   0x00000034   Code   RO          406    .text               delay.o
    0x08001e30   0x08001e30   0x000003bc   Code   RO          421    .text               i2c.o
    0x080021ec   0x080021ec   0x00000044   Code   RO          451    .text               led.o
    0x08002230   0x08002230   0x00000078   Code   RO          466    .text               main.o
    0x080022a8   0x080022a8   0x00000454   Code   RO          519    .text               motor.o
    0x080026fc   0x080026fc   0x00000624   Code   RO          537    .text               mpu6050.o
    0x08002d20   0x08002d20   0x000000a8   Code   RO          593    .text               stm32f10x_it.o
    0x08002dc8   0x08002dc8   0x000000b0   Code   RO          612    .text               systick.o
    0x08002e78   0x08002e78   0x00001124   Code   RO          630    .text               upstandingcar.o
    0x08003f9c   0x08003f9c   0x00000324   Code   RO          669    .text               usart.o
    0x080042c0   0x080042c0   0x00000078   Code   RO          694    .text               timer.o
    0x08004338   0x08004338   0x0000010c   Code   RO          706    .text               ultrasonicwave.o
    0x08004444   0x08004444   0x00000024   Code   RO          728    .text               startup_stm32f10x_md.o
    0x08004468   0x08004468   0x00001e98   Code   RO          732    .text               inv_mpu.o
    0x08006300   0x08006300   0x00000ec8   Code   RO          772    .text               inv_mpu_dmp_motion_driver.o
    0x080071c8   0x080071c8   0x00000062   Code   RO          821    .text               mc_w.l(ldiv.o)
    0x0800722a   0x0800722a   0x00000024   Code   RO          823    .text               mc_w.l(memcpya.o)
    0x0800724e   0x0800724e   0x00000024   Code   RO          825    .text               mc_w.l(memseta.o)
    0x08007272   0x08007272   0x00000018   Code   RO          827    .text               mc_w.l(strcat.o)
    0x0800728a   0x0800728a   0x0000000e   Code   RO          829    .text               mc_w.l(strlen.o)
    0x08007298   0x08007298   0x0000001a   Code   RO          831    .text               mc_w.l(memcmp.o)
    0x080072b2   0x080072b2   0x000000b0   Code   RO         1096    .text               mf_w.l(fadd.o)
    0x08007362   0x08007362   0x00000064   Code   RO         1098    .text               mf_w.l(fmul.o)
    0x080073c6   0x080073c6   0x0000007c   Code   RO         1100    .text               mf_w.l(fdiv.o)
    0x08007442   0x08007442   0x0000014e   Code   RO         1102    .text               mf_w.l(dadd.o)
    0x08007590   0x08007590   0x000000e4   Code   RO         1104    .text               mf_w.l(dmul.o)
    0x08007674   0x08007674   0x000000de   Code   RO         1106    .text               mf_w.l(ddiv.o)
    0x08007752   0x08007752   0x00000012   Code   RO         1108    .text               mf_w.l(fflti.o)
    0x08007764   0x08007764   0x0000000a   Code   RO         1110    .text               mf_w.l(ffltui.o)
    0x0800776e   0x0800776e   0x00000022   Code   RO         1112    .text               mf_w.l(dflti.o)
    0x08007790   0x08007790   0x00000032   Code   RO         1114    .text               mf_w.l(ffixi.o)
    0x080077c2   0x080077c2   0x00000028   Code   RO         1116    .text               mf_w.l(ffixui.o)
    0x080077ea   0x080077ea   0x00000026   Code   RO         1118    .text               mf_w.l(f2d.o)
    0x08007810   0x08007810   0x00000030   Code   RO         1120    .text               mf_w.l(cdcmple.o)
    0x08007840   0x08007840   0x00000038   Code   RO         1122    .text               mf_w.l(d2f.o)
    0x08007878   0x08007878   0x00000014   Code   RO         1124    .text               mf_w.l(cfcmple.o)
    0x0800788c   0x0800788c   0x00000014   Code   RO         1126    .text               mf_w.l(cfrcmple.o)
    0x080078a0   0x080078a0   0x0000002c   Code   RO         1180    .text               mc_w.l(uidiv.o)
    0x080078cc   0x080078cc   0x00000062   Code   RO         1182    .text               mc_w.l(uldiv.o)
    0x0800792e   0x0800792e   0x0000001e   Code   RO         1184    .text               mc_w.l(llshl.o)
    0x0800794c   0x0800794c   0x00000024   Code   RO         1186    .text               mc_w.l(llsshr.o)
    0x08007970   0x08007970   0x0000009c   Code   RO         1195    .text               mc_w.l(strtod.o)
    0x08007a0c   0x08007a0c   0x00000000   Code   RO         1197    .text               mc_w.l(iusefp.o)
    0x08007a0c   0x08007a0c   0x0000006e   Code   RO         1198    .text               mf_w.l(fepilogue.o)
    0x08007a7a   0x08007a7a   0x000000ba   Code   RO         1200    .text               mf_w.l(depilogue.o)
    0x08007b34   0x08007b34   0x0000002e   Code   RO         1202    .text               mf_w.l(dscalb.o)
    0x08007b62   0x08007b62   0x00000030   Code   RO         1204    .text               mf_w.l(dfixul.o)
    0x08007b92   0x08007b92   0x00000002   PAD
    0x08007b94   0x08007b94   0x00000030   Code   RO         1206    .text               mf_w.l(cdrcmple.o)
    0x08007bc4   0x08007bc4   0x00000024   Code   RO         1208    .text               mc_w.l(init.o)
    0x08007be8   0x08007be8   0x00000020   Code   RO         1210    .text               mc_w.l(llushr.o)
    0x08007c08   0x08007c08   0x0000000a   Code   RO         1212    .text               mc_w.l(isspace_c.o)
    0x08007c12   0x08007c12   0x00000002   PAD
    0x08007c14   0x08007c14   0x00000360   Code   RO         1214    .text               mc_w.l(scanf_fp.o)
    0x08007f74   0x08007f74   0x00000040   Code   RO         1218    .text               mc_w.l(_sgetc.o)
    0x08007fb4   0x08007fb4   0x000000a2   Code   RO         1220    .text               mf_w.l(dsqrt.o)
    0x08008056   0x08008056   0x00000002   PAD
    0x08008058   0x08008058   0x00000028   Code   RO         1222    .text               mc_w.l(ctype_c.o)
    0x08008080   0x08008080   0x00000018   Code   RO         1225    .text               mf_w.l(dfltul.o)
    0x08008098   0x08008098   0x00000056   Code   RO         1235    .text               mc_w.l(__dczerorl2.o)
    0x080080ee   0x080080ee   0x00000002   PAD
    0x080080f0   0x080080f0   0x00000028   Code   RO         1070    i.__0sprintf        mc_w.l(printfa.o)
    0x08008118   0x08008118   0x00000028   Code   RO         1152    i.__ARM_fpclassify  m_ws.l(fpclassify.o)
    0x08008140   0x08008140   0x000000aa   Code   RO         1154    i.__kernel_poly     m_ws.l(poly.o)
    0x080081ea   0x080081ea   0x00000006   Code   RO         1139    i.__mathlib_dbl_infnan  m_ws.l(dunder.o)
    0x080081f0   0x080081f0   0x00000004   Code   RO         1140    i.__mathlib_dbl_infnan2  m_ws.l(dunder.o)
    0x080081f4   0x080081f4   0x0000000c   Code   RO         1141    i.__mathlib_dbl_invalid  m_ws.l(dunder.o)
    0x08008200   0x08008200   0x00000010   Code   RO         1144    i.__mathlib_dbl_underflow  m_ws.l(dunder.o)
    0x08008210   0x08008210   0x0000000c   Code   RO         1189    i.__read_errno      mc_w.l(errno.o)
    0x0800821c   0x0800821c   0x0000000e   Code   RO         1229    i.__scatterload_copy  mc_w.l(handlers.o)
    0x0800822a   0x0800822a   0x00000002   Code   RO         1230    i.__scatterload_null  mc_w.l(handlers.o)
    0x0800822c   0x0800822c   0x0000000e   Code   RO         1231    i.__scatterload_zeroinit  mc_w.l(handlers.o)
    0x0800823a   0x0800823a   0x00000002   PAD
    0x0800823c   0x0800823c   0x0000000c   Code   RO         1190    i.__set_errno       mc_w.l(errno.o)
    0x08008248   0x08008248   0x00000184   Code   RO         1075    i._fp_digits        mc_w.l(printfa.o)
    0x080083cc   0x080083cc   0x0000000e   Code   RO         1216    i._is_digit         mc_w.l(scanf_fp.o)
    0x080083da   0x080083da   0x00000002   PAD
    0x080083dc   0x080083dc   0x000006dc   Code   RO         1076    i._printf_core      mc_w.l(printfa.o)
    0x08008ab8   0x08008ab8   0x00000024   Code   RO         1077    i._printf_post_padding  mc_w.l(printfa.o)
    0x08008adc   0x08008adc   0x0000002e   Code   RO         1078    i._printf_pre_padding  mc_w.l(printfa.o)
    0x08008b0a   0x08008b0a   0x0000000a   Code   RO         1080    i._sputc            mc_w.l(printfa.o)
    0x08008b14   0x08008b14   0x00000270   Code   RO          797    i.asin              m_ws.l(asin.o)
    0x08008d84   0x08008d84   0x00000220   Code   RO         1129    i.atan              m_ws.l(atan.o)
    0x08008fa4   0x08008fa4   0x00000180   Code   RO          807    i.atan2             m_ws.l(atan2.o)
    0x08009124   0x08009124   0x0000002a   Code   RO          815    i.atof              m_ws.l(atof.o)
    0x0800914e   0x0800914e   0x0000004c   Code   RO         1158    i.sqrt              m_ws.l(sqrt.o)
    0x0800919a   0x0800919a   0x00000006   PAD
    0x080091a0   0x080091a0   0x00000020   Data   RO          632    .constdata          upstandingcar.o
    0x080091c0   0x080091c0   0x00000050   Data   RO          733    .constdata          inv_mpu.o
    0x08009210   0x08009210   0x00000bf6   Data   RO          774    .constdata          inv_mpu_dmp_motion_driver.o
    0x08009e06   0x08009e06   0x00000002   PAD
    0x08009e08   0x08009e08   0x00000050   Data   RO          798    .constdata          m_ws.l(asin.o)
    0x08009e58   0x08009e58   0x00000098   Data   RO         1130    .constdata          m_ws.l(atan.o)
    0x08009ef0   0x08009ef0   0x00000008   Data   RO         1156    .constdata          m_ws.l(qnan.o)
    0x08009ef8   0x08009ef8   0x00000040   Data   RO         1223    .constdata          mc_w.l(ctype_c.o)
    0x08009f38   0x08009f38   0x0000004e   Data   RO          734    .conststring        inv_mpu.o
    0x08009f86   0x08009f86   0x00000002   PAD
    0x08009f88   0x08009f88   0x00000020   Data   RO         1227    Region$$Table       anon$$obj.o


    Execution Region RW_IRAM1 (Exec base: 0x20000000, Load base: 0x08009fa8, Size: 0x00000838, Max: 0x00005000, ABSOLUTE, COMPRESSED[0x00000078])

    Exec Addr    Load Addr    Size         Type   Attr      Idx    E Section Name        Object

    0x20000000   COMPRESSED   0x00000014   Data   RW          105    .data               stm32f10x_rcc.o
    0x20000014   COMPRESSED   0x00000014   Data   RW          379    .data               system_stm32f10x.o
    0x20000028   COMPRESSED   0x0000003b   Data   RW          539    .data               mpu6050.o
    0x20000063   COMPRESSED   0x00000001   PAD
    0x20000064   COMPRESSED   0x00000004   Data   RW          613    .data               systick.o
    0x20000068   COMPRESSED   0x00000178   Data   RW          633    .data               upstandingcar.o
    0x200001e0   COMPRESSED   0x00000004   Data   RW          707    .data               ultrasonicwave.o
    0x200001e4   COMPRESSED   0x0000002c   Data   RW          735    .data               inv_mpu.o
    0x20000210   COMPRESSED   0x00000004   Data   RW         1191    .data               mc_w.l(errno.o)
    0x20000214        -       0x00000010   Zero   RW          538    .bss                mpu6050.o
    0x20000224        -       0x00000204   Zero   RW          631    .bss                upstandingcar.o
    0x20000428        -       0x00000010   Zero   RW          773    .bss                inv_mpu_dmp_motion_driver.o
    0x20000438        -       0x00000400   Zero   RW          725    STACK               startup_stm32f10x_md.o


==============================================================================

Image component sizes


      Code (inc. data)   RO Data    RW Data    ZI Data      Debug   Object Name

         0          0          0          0          0         32   core_cm3.o
        52          0          0          0          0        835   delay.o
       956          6          0          0          0       4414   i2c.o
      7832        172        158         44          0      21570   inv_mpu.o
      3784        196       3062          0         16      16306   inv_mpu_dmp_motion_driver.o
        68         10          0          0          0        506   led.o
       120          4          0          0          0        535   main.o
       220         22          0          0          0     253177   misc.o
      1108         20          0          0          0       3216   motor.o
      1572        796          0         59         16       2035   mpu6050.o
        36          8        236          0       1024        808   startup_stm32f10x_md.o
       284         10          0          0          0       4407   stm32f10x_exti.o
       860         38          0          0          0       5709   stm32f10x_gpio.o
       168         24          0          0          0       1374   stm32f10x_it.o
       932         36          0         20          0       8896   stm32f10x_rcc.o
      3610         88          0          0          0      22816   stm32f10x_tim.o
      1032         22          0          0          0       8432   stm32f10x_usart.o
       480         38          0         20          0       1835   system_stm32f10x.o
       176         16          0          4          0      16629   systick.o
       120          6          0          0          0        777   timer.o
       268         16          0          4          0       1248   ultrasonicwave.o
      4388        758         32        376        516      10312   upstandingcar.o
       804         18          0          0          0       5295   usart.o

    ----------------------------------------------------------------------
     28872       2304       3524        528       1572     391164   Object Totals
         0          0         32          0          0          0   (incl. Generated)
         2          0          4          1          0          0   (incl. Padding)

    ----------------------------------------------------------------------

      Code (inc. data)   RO Data    RW Data    ZI Data      Debug   Library Member Name

       624         52         80          0          0        168   asin.o
       544         70        152          0          0        124   atan.o
       384         38          0          0          0        144   atan2.o
        42          0          0          0          0         84   atof.o
        38          6          0          0          0        272   dunder.o
        40          0          0          0          0         68   fpclassify.o
       170          0          0          0          0         96   poly.o
         0          0          8          0          0          0   qnan.o
        76          0          0          0          0         84   sqrt.o
        86          0          0          0          0          0   __dczerorl2.o
        64          0          0          0          0         84   _sgetc.o
        40          6         64          0          0         68   ctype_c.o
         0          0          0          0          0          0   entry.o
         0          0          0          0          0          0   entry10a.o
         0          0          0          0          0          0   entry11a.o
         8          4          0          0          0          0   entry2.o
         4          0          0          0          0          0   entry5.o
         0          0          0          0          0          0   entry7b.o
         0          0          0          0          0          0   entry8b.o
         8          4          0          0          0          0   entry9a.o
        24         12          0          4          0        136   errno.o
        30          0          0          0          0          0   handlers.o
        36          8          0          0          0         68   init.o
        10          0          0          0          0         68   isspace_c.o
         0          0          0          0          0          0   iusefp.o
        98          0          0          0          0         84   ldiv.o
        30          0          0          0          0         68   llshl.o
        36          0          0          0          0         68   llsshr.o
        32          0          0          0          0         68   llushr.o
        26          0          0          0          0         80   memcmp.o
        36          0          0          0          0         68   memcpya.o
        36          0          0          0          0        108   memseta.o
      2276         86          0          0          0        520   printfa.o
       878         12          0          0          0        216   scanf_fp.o
        24          0          0          0          0         68   strcat.o
        14          0          0          0          0         68   strlen.o
       156         12          0          0          0        120   strtod.o
        44          0          0          0          0         80   uidiv.o
        98          0          0          0          0         92   uldiv.o
        48          0          0          0          0         68   cdcmple.o
        48          0          0          0          0         68   cdrcmple.o
        20          0          0          0          0         68   cfcmple.o
        20          0          0          0          0         68   cfrcmple.o
        56          0          0          0          0         88   d2f.o
       334          0          0          0          0        148   dadd.o
       222          0          0          0          0        100   ddiv.o
       186          0          0          0          0        176   depilogue.o
        48          0          0          0          0         68   dfixul.o
        34          0          0          0          0         76   dflti.o
        24          0          0          0          0         76   dfltul.o
       228          0          0          0          0         96   dmul.o
        46          0          0          0          0         80   dscalb.o
       162          0          0          0          0        100   dsqrt.o
        38          0          0          0          0         68   f2d.o
       176          0          0          0          0        140   fadd.o
       124          0          0          0          0         88   fdiv.o
       110          0          0          0          0        168   fepilogue.o
        50          0          0          0          0         68   ffixi.o
        40          0          0          0          0         68   ffixui.o
        18          0          0          0          0         68   fflti.o
        10          0          0          0          0         68   ffltui.o
       100          0          0          0          0         76   fmul.o

    ----------------------------------------------------------------------
      8172        310        304          4          0       5264   Library Totals
        18          0          0          0          0          0   (incl. Padding)

    ----------------------------------------------------------------------

      Code (inc. data)   RO Data    RW Data    ZI Data      Debug   Library Name

      1918        166        240          0          0       1040   m_ws.l
      4094        144         64          4          0       2132   mc_w.l
      2142          0          0          0          0       2092   mf_w.l

    ----------------------------------------------------------------------
      8172        310        304          4          0       5264   Library Totals

    ----------------------------------------------------------------------

==============================================================================


      Code (inc. data)   RO Data    RW Data    ZI Data      Debug   

     37044       2614       3828        532       1572     391772   Grand Totals
     37044       2614       3828        120       1572     391772   ELF Image Totals (compressed)
     37044       2614       3828        120          0          0   ROM Totals

==============================================================================

    Total RO  Size (Code + RO Data)                40872 (  39.91kB)
    Total RW  Size (RW Data + ZI Data)              2104 (   2.05kB)
    Total ROM Size (Code + RO Data + RW Data)      40992 (  40.03kB)

==============================================================================

